error[E0219]: '~' cannot be applied to an untyped float
 --> test/fail/bit_not_operand.phi:1:14
  |
1 | let folded = ~1.5
  |              ^ wrong operand type

error[E0219]: '~' needs an integer, and this is f64
 --> test/fail/bit_not_operand.phi:4:12
  |
4 |     return ~x
  |            ^ wrong operand type

