error[E0110]: comparisons cannot be chained
 --> test/fail/chained_comparison.phi:2:18
  |
2 |     return a < b < c
  |                  ^ a second comparison
  |
  = help: write it as two comparisons joined with 'and'

error[E0216]: '<' mixes true | false and i64
 --> test/fail/chained_comparison.phi:2:18
  |
2 |     return a < b < c
  |                  ^ two different types
  |
  = help: nothing converts on its own, so give both sides one type

