error[E0211]: this condition is i64, and a condition is a union
 --> test/fail/condition_not_union.phi:2:8
  |
2 |     if n {
  |        ^ cannot answer
  |
  = help: a condition asks whether a union holds its first member

error[E0211]: this condition is *i64, and a condition is a union
 --> test/fail/condition_not_union.phi:9:8
  |
9 |     if p {
  |        ^ cannot answer
  |
  = help: a condition asks whether a union holds its first member

