error[E0209]: types are not values
 --> test/fail/condition_not_a_value.phi:4:8
  |
4 |     if i64 { }
  |        ^^^ a type, where a value belongs
  |
  = help: a type stands where a type is written, before '.', and after 'is' or 'match'

error[E0209]: types are not values
 --> test/fail/condition_not_a_value.phi:5:8
  |
5 |     if Cell { }
  |        ^^^^ a type, where a value belongs
  |
  = help: a type stands where a type is written, before '.', and after 'is' or 'match'

error[E0210]: a function is not a value, so call it
 --> test/fail/condition_not_a_value.phi:6:10
  |
6 |     loop main { }
  |          ^^^^ missing the call
  |
  = help: there are no function values in the language

