error[E0214]: a top-level binding must be a constant, and an 'if' happens at run time
 --> test/fail/constant_context.phi:9:16
  |
9 | let branched = if true { 1 } else { 2 }
  |                ^^^^^^^^^^^^^^^^^^^^^^ not a constant
  |
  = help: the constant set is literals, names of constants, operators, and parentheses

error[E0214]: a top-level binding must be a constant, and 'return' happens at run time
  --> test/fail/constant_context.phi:10:12
   |
10 | let left = return 1
   |            ^^^^^^^^ not a constant
   |
   = help: the constant set is literals, names of constants, operators, and parentheses

error[E0214]: a top-level binding must be a constant, and 'break' happens at run time
  --> test/fail/constant_context.phi:11:15
   |
11 | let escaped = break
   |               ^^^^^ not a constant
   |
   = help: the constant set is literals, names of constants, operators, and parentheses

error[E0214]: a top-level binding must be a constant, and 'continue' happens at run time
  --> test/fail/constant_context.phi:12:15
   |
12 | let carried = continue
   |               ^^^^^^^^ not a constant
   |
   = help: the constant set is literals, names of constants, operators, and parentheses

error[E0214]: a top-level binding must be a constant, and a call happens at run time
  --> test/fail/constant_context.phi:13:14
   |
13 | let called = answer()
   |              ^^^^^^^^ not a constant
   |
   = help: the constant set is literals, names of constants, operators, and parentheses

error[E0214]: a top-level binding must be a constant, and '@trap' happens at run time
  --> test/fail/constant_context.phi:14:15
   |
14 | let trapped = @trap()
   |               ^^^^^^^ not a constant
   |
   = help: the constant set is literals, names of constants, operators, and parentheses

error[E0202]: i64 has no fields to give
  --> test/fail/constant_context.phi:15:13
   |
15 | let built = i64.{ x: 1 }
   |             ^^^ not a struct

