error[E0222]: this must settle before anything runs, and a block that holds statements happens at run time
  --> test/fail/constant_context.phi:10:23
   |
10 | let stated = if truth { let a = 1 } else { 2 }
   |                       ^^^^^^^^^^^ not a constant
   |
   = help: the constant set is literals, names of constants, operators, and parentheses

error[E0222]: this must settle before anything runs, and 'return' happens at run time
  --> test/fail/constant_context.phi:11:12
   |
11 | let left = return 1
   |            ^^^^^^^^ not a constant
   |
   = help: the constant set is literals, names of constants, operators, and parentheses

error[E0222]: this must settle before anything runs, and 'break' happens at run time
  --> test/fail/constant_context.phi:12:15
   |
12 | let escaped = break
   |               ^^^^^ not a constant
   |
   = help: the constant set is literals, names of constants, operators, and parentheses

error[E0222]: this must settle before anything runs, and 'continue' happens at run time
  --> test/fail/constant_context.phi:13:15
   |
13 | let carried = continue
   |               ^^^^^^^^ not a constant
   |
   = help: the constant set is literals, names of constants, operators, and parentheses

error[E0222]: this must settle before anything runs, and '@trap' happens at run time
  --> test/fail/constant_context.phi:14:15
   |
14 | let trapped = @trap()
   |               ^^^^^^^ not a constant
   |
   = help: the constant set is literals, names of constants, operators, and parentheses

error[E0208]: i64 has no fields to give
  --> test/fail/constant_context.phi:15:13
   |
15 | let built = i64.{ x: 1 }
   |             ^^^ not a struct

