error[E0205]: '_' is not a name, and only discards a value
 --> test/fail/discard_reserved.phi:2:5
  |
2 |     let _ = 5
  |     ^^^^^^^^^ not a name
  |
  = help: write '_ = expression' to drop a value on purpose

error[E0205]: '_' is not a name, and only discards a value
 --> test/fail/discard_reserved.phi:7:16
  |
7 |     return n + _
  |                ^ not a name
  |
  = help: write '_ = expression' to drop a value on purpose

error[E0205]: '_' is not a name, and only discards a value
  --> test/fail/discard_reserved.phi:11:5
   |
11 |     _.x = n
   |     ^ not a name
   |
   = help: write '_ = expression' to drop a value on purpose

