error[E0250]: this cannot be reached
 --> test/fail/diverging_headers.phi:8:5
  |
8 |     return 2
  |     ^^^^^^^^ never runs
note: the block already left here
 --> test/fail/diverging_headers.phi:7:5
  |
7 |     if return 1 { }
  |     ^^^^^^^^^^^^^^^

error[E0250]: this cannot be reached
  --> test/fail/diverging_headers.phi:13:5
   |
13 |     return 4
   |     ^^^^^^^^ never runs
note: the block already left here
  --> test/fail/diverging_headers.phi:12:5
   |
12 |     loop return 3 { }
   |     ^^^^^^^^^^^^^^^^^

error[E0250]: this cannot be reached
  --> test/fail/diverging_headers.phi:18:5
   |
18 |     return 6
   |     ^^^^^^^^ never runs
note: the block already left here
  --> test/fail/diverging_headers.phi:17:5
   |
17 |     loop i in return 5..9 { }
   |     ^^^^^^^^^^^^^^^^^^^^^^^^^

error[E0250]: this cannot be reached
  --> test/fail/diverging_headers.phi:23:5
   |
23 |     return 8
   |     ^^^^^^^^ never runs
note: the block already left here
  --> test/fail/diverging_headers.phi:22:5
   |
22 |     loop i in 0..return 7 { }
   |     ^^^^^^^^^^^^^^^^^^^^^^^^^

error[E0250]: this cannot be reached
  --> test/fail/diverging_headers.phi:30:5
   |
30 |     return 10
   |     ^^^^^^^^^ never runs
note: the block already left here
  --> test/fail/diverging_headers.phi:27:5
   |
27 |     match return 9 {
   |     ^^^^^^^^^^^^^^^^

error[E0250]: this cannot be reached
  --> test/fail/diverging_headers.phi:35:5
   |
35 |     return n
   |     ^^^^^^^^ never runs
note: the block already left here
  --> test/fail/diverging_headers.phi:34:5
   |
34 |     let n: u32 = if return 11 { 12 } else { 13 }
   |     ^^^^^^^^^^^^^^^^^^^^^^^^^^^^^^^^^^^^^^^^^^

