error[E0218]: this literal leaves out 'x'
 --> test/fail/expected_field_value.phi:6:13
  |
6 |     let p = Point.{ 1 }
  |             ^^^^^^^^^ incomplete
  |
  = help: every field of the struct must be present, and there are no defaults

error[E0108]: expected 'field: value', found a number
 --> test/fail/expected_field_value.phi:6:21
  |
6 |     let p = Point.{ 1 }
  |                     ^ expected 'field: value'

