error[E0104]: expected 'fn', found 'let'
 --> test/fail/extern_without_fn.phi:1:8
  |
1 | extern let n = 1
  |        ^^^ expected 'fn'
  |
  = help: 'extern' declares a function the linker finds elsewhere

error[E0101]: expected ',' or the end of the line, found an identifier
 --> test/fail/extern_without_fn.phi:1:12
  |
1 | extern let n = 1
  |            ^ unexpected here
  |
  = help: one per line, or a ',' between them

error[E0104]: expected 'fn', found 'type'
 --> test/fail/extern_without_fn.phi:3:8
  |
3 | extern type Point = {
  |        ^^^^ expected 'fn'
  |
  = help: 'extern' declares a function the linker finds elsewhere

error[E0101]: expected ',' or the end of the line, found an identifier
 --> test/fail/extern_without_fn.phi:3:13
  |
3 | extern type Point = {
  |             ^^^^^ unexpected here
  |
  = help: one per line, or a ',' between them

error[E0104]: expected a declaration, found '}'
 --> test/fail/extern_without_fn.phi:5:1
  |
5 | }
  | ^ expected a declaration
  |
  = help: a file holds 'import', 'type', 'fn', 'extern fn', and 'let'

error[E0104]: expected 'fn', found end of file
 --> test/fail/extern_without_fn.phi:8:1
  |
8 |
  | ^ expected 'fn'
  |
  = help: 'extern' declares a function the linker finds elsewhere

