error[E0217]: 16777217 does not fit in f32
 --> test/fail/float_exact.phi:2:19
  |
2 | let single: f32 = 16777217
  |                   ^^^^^^^^ past the type's edge
  |
  = help: an untyped constant takes any type its value fits, and this value does not fit this one

error[E0217]: 9007199254740993 does not fit in f64
 --> test/fail/float_exact.phi:3:19
  |
3 | let double: f64 = 9007199254740993
  |                   ^^^^^^^^^^^^^^^^ past the type's edge
  |
  = help: an untyped constant takes any type its value fits, and this value does not fit this one

error[E0217]: -16777217 does not fit in f32
 --> test/fail/float_exact.phi:6:22
  |
6 | let just_past: f32 = -16777217
  |                      ^^^^^^^^^ past the type's edge
  |
  = help: an untyped constant takes any type its value fits, and this value does not fit this one

error[E0214]: expected f64, found u64
  --> test/fail/float_exact.phi:10:12
   |
10 |     return n
   |            ^ the wrong type
   |
   = help: nothing converts on its own

error[E0214]: expected f64, found i64
  --> test/fail/float_exact.phi:14:12
   |
14 |     return n
   |            ^ the wrong type
   |
   = help: nothing converts on its own

error[E0214]: expected f32, found u32
  --> test/fail/float_exact.phi:18:12
   |
18 |     return n
   |            ^ the wrong type
   |
   = help: nothing converts on its own

error[E0217]: 16777217 does not fit in f32
  --> test/fail/float_exact.phi:23:19
   |
23 | let folded = seed * 16777217
   |                   ^ past the type's edge

error[E0216]: '+' mixes u64 and f64
  --> test/fail/float_exact.phi:26:14
   |
26 |     return a + b
   |              ^ two different types
   |
   = help: nothing converts on its own, so give both sides one type

