error[E0215]: nothing says what type this 'if' is
 --> test/fail/if_arms_have_no_type.phi:6:13
  |
6 |     let n = if c { 10 } else { 100 }
  |             ^^^^^^^^^^^^^^^^^^^^^^ no type in sight
  |
  = help: annotate what it feeds, as in 'let n: i64 = if ...'

error[E0206]: this produces nothing, and the 'if' needs a value
  --> test/fail/if_arms_have_no_type.phi:11:13
   |
11 |     let n = if c { effect() } else { effect() }
   |             ^^^^^^^^^^^^^^^^^^^^^^^^^^^^^^^^^ no value here

