error[E0225]: a constant that has not landed has no type to read
 --> test/fail/inference_bare_number.phi:6:25
  |
6 |     let planted = plant(5)
  |                         ^ what type is 'T'?
  |
  = help: write the type argument, 'plant[i64](...)', type the value first, or annotate what the call feeds

error[E0225]: a constant that has not landed has no type to read
  --> test/fail/inference_bare_number.phi:16:20
   |
16 |     return counted("")
   |                    ^^ what type is 'T'?
   |
   = help: write the type argument, 'counted[i64](...)', type the value first, or annotate what the call feeds

error[E0225]: a constant that has not landed has no type to read
  --> test/fail/inference_bare_number.phi:21:20
   |
21 |     return counted([1, 2, 3])
   |                    ^^^^^^^^ what type is 'T'?
   |
   = help: write the type argument, 'counted[i64](...)', type the value first, or annotate what the call feeds

