error[E0212]: 'Elsewhere' is not a member of 'u32 | Timeout | NotFound'
  --> test/fail/is_sets.phi:15:13
   |
15 |     if r is Timeout | Elsewhere {
   |             ^^^^^^^^^^^^^^^^^^^ not a member

error[E0215]: expected u32, found u32 | Timeout | NotFound
  --> test/fail/is_sets.phi:18:12
   |
18 |     return r
   |            ^ the wrong type
   |
   = help: a 'let' narrows where a branch proves what it holds, so copy a 'var' or a field into one first

error[E0215]: expected u32, found u32 | Timeout | NotFound
  --> test/fail/is_sets.phi:25:16
   |
25 |         return r
   |                ^ the wrong type
   |
   = help: a 'let' narrows where a branch proves what it holds, so copy a 'var' or a field into one first

