error[E0221]: nothing says what type this 'if' is
 --> test/fail/join_order.phi:3:13
  |
3 |     let a = if c { 1 } else { 2 }
  |             ^^^^^^^^^^^^^^^^^^^ no type in sight
  |
  = help: annotate what it feeds, as in 'let n: i64 = if ...'

error[E0217]: 300 does not fit in u8
 --> test/fail/join_order.phi:9:18
  |
9 |     let a = if c { 300 } else { small }
  |                  ^^^^^ past the type's edge
  |
  = help: an untyped constant takes any type its value fits, and this value does not fit this one

error[E0217]: 300 does not fit in u8
  --> test/fail/join_order.phi:17:19
   |
17 |             break 300
   |                   ^^^ past the type's edge
   |
   = help: an untyped constant takes any type its value fits, and this value does not fit this one

