error[E0214]: this 'break' carries a value, and its loop is not asked for one
 --> test/fail/loop_break_value.phi:7:9
  |
7 |         break n
  |         ^^^^^^^ nothing takes it
  |
  = help: bind the loop, as in 'let v = loop { ... }', or drop the value

error[E0214]: this loop stands where a value is needed, so 'break' must carry it
  --> test/fail/loop_break_value.phi:16:9
   |
16 |         break
   |         ^^^^^ carries nothing

