error[E0216]: '+' mixes u32 and i32
 --> test/fail/mixed_types.phi:2:14
  |
2 |     return a + b
  |              ^ two different types
  |
  = help: nothing converts on its own, so give both sides one type

error[E0216]: '+' mixes i8 and u64
 --> test/fail/mixed_types.phi:6:14
  |
6 |     return a + b
  |              ^ two different types
  |
  = help: nothing converts on its own, so give both sides one type

error[E0216]: '+' mixes u64 and f64
  --> test/fail/mixed_types.phi:10:14
   |
10 |     return a + b
   |              ^ two different types
   |
   = help: nothing converts on its own, so give both sides one type

