error[E0214]: expected u32, found u64
  --> test/fail/sealed_constant.phi:10:23
   |
10 |         u32 => return a + b
   |                       ^^^^^ the wrong type
   |
   = help: '@int_cast(...)' converts, and '@int_fits(...)' answers 'none' where a value does not fit

error[E0214]: expected u32, found u64
  --> test/fail/sealed_constant.phi:19:18
   |
19 |     let c: u32 = b
   |                  ^ the wrong type
   |
   = help: '@int_cast(...)' converts, and '@int_fits(...)' answers 'none' where a value does not fit

error[E0215]: expected u8, found u32 | u8
  --> test/fail/sealed_constant.phi:25:17
   |
25 |     let d: u8 = a
   |                 ^ the wrong type
   |
   = help: a 'let' narrows where a branch proves what it holds, so copy a 'var' or a field into one first

