error[E0206]: expected u32, found u64
  --> test/fail/sealed_constant.phi:10:23
   |
10 |         u32 => return a + b
   |                       ^^^^^ the wrong type
   |
   = help: not every value fits, so '@int_cast(...)' gives 'none' where one does not

error[E0206]: expected u32, found u64
  --> test/fail/sealed_constant.phi:19:18
   |
19 |     let c: u32 = b
   |                  ^ the wrong type
   |
   = help: not every value fits, so '@int_cast(...)' gives 'none' where one does not

error[E0206]: expected u8, found u32 | u8
  --> test/fail/sealed_constant.phi:25:17
   |
25 |     let d: u8 = a
   |                 ^ the wrong type
   |
   = help: narrow it first, with a guard 'is u8 or return' or inside the branch that proved it, and never through a 'var'

