error[E0242]: nothing here says what array '@splat' builds
 --> test/fail/splat.phi:3:9
  |
3 |     _ = @splat(0)
  |         ^^^^^^^^ no type in sight
  |
  = help: annotate what it feeds, as in 'var buffer: [20]u8 = @splat(0)'

error[E0211]: '@splat' builds an array, and this lands on u32
 --> test/fail/splat.phi:8:12
  |
8 |     return @splat(0)
  |            ^^^^^^^^ not an array type

error[E0208]: 300 does not fit in u8, which is what '[2]u8' holds
  --> test/fail/splat.phi:13:12
   |
13 |     return @splat(300)
   |            ^^^^^^^^^^ the wrong element

error[E0214]: '@splat' repeats a constant, and this is settled at run time
  --> test/fail/splat.phi:18:19
   |
18 |     return @splat(n)
   |                   ^ not a constant
   |
   = help: write a loop to fill storage with something worked out as it runs

error[E0213]: '@splat' takes 1 argument, and this call has 2
  --> test/fail/splat.phi:23:12
   |
23 |     return @splat(1, 2)
   |            ^^^^^^^^^^^ wrong number of arguments

error[E0246]: '@splat' takes 0 type arguments, and this writes 1
  --> test/fail/splat.phi:28:12
   |
28 |     return @splat[u8](0)
   |            ^^^^^^^^^^^^ wrong number of type arguments

