error[E0263]: this string reaches the end of the line with no closing '"'
 --> test/fail/text.phi:2:12
  |
2 |     return "hi
  |            ^^^ never closes
  |
  = help: a string sits on one line, and '\n' writes a line break inside it

error[E0263]: a character literal holds one character, and this one holds none
 --> test/fail/text.phi:6:12
  |
6 |     return ''
  |            ^^ nothing inside

error[E0263]: a character literal holds one character
  --> test/fail/text.phi:10:12
   |
10 |     return 'ab'
   |            ^^^^ more than one
   |
   = help: a run of characters is a string, written with '"'

error[E0263]: this is not an escape the language knows
  --> test/fail/text.phi:14:12
   |
14 |     return "a\qb"
   |            ^^^^^^ unknown escape
   |
   = help: the escapes are '\n', '\r', '\t', '\\', '\'', '\"', '\xNN' for a byte, and '\u{...}' for a codepoint

error[E0263]: '\x' writes one byte, so it takes two hex digits
  --> test/fail/text.phi:18:12
   |
18 |     return "\x4"
   |            ^^^^^ not two hex digits
   |
   = help: '\x41' is the byte 65

error[E0263]: codepoints run to 0x10FFFF, and this one is past it
  --> test/fail/text.phi:22:12
   |
22 |     return "\u{110000}"
   |            ^^^^^^^^^^^^ past the last codepoint

error[E0263]: this is half of a surrogate pair, which is not a codepoint
  --> test/fail/text.phi:26:12
   |
26 |     return "\u{D800}"
   |            ^^^^^^^^^^ not a codepoint
   |
   = help: write the codepoint itself, as in '\u{1F980}'

error[E0263]: this character is not valid UTF-8
  --> test/fail/text.phi:30:12
   |
30 |     return '©'
   |            ^^^ unreadable
   |
   = help: source is UTF-8, and '\xNN' writes a byte that is not

