error[E0203]: types are not values
 --> test/fail/type_as_index.phi:3:15
  |
3 |     let x = a[[]u8]
  |               ^^^^ a type, where a value belongs
  |
  = help: a type stands where a type is written, before '.', and after 'is' or 'match'

error[E0203]: types are not values
 --> test/fail/type_as_index.phi:4:15
  |
4 |     let y = a[*u8]
  |               ^^^ a type, where a value belongs
  |
  = help: a type stands where a type is written, before '.', and after 'is' or 'match'

error[E0213]: an index is one value, and this writes 2
 --> test/fail/type_as_index.phi:5:13
  |
5 |     let z = a[0..1, [2]u8]
  |             ^^^^^^^^^^^^^ the wrong number of values
  |
  = help: reach through one step at a time, as in 'grid[1][2]'

