error[E0232]: this match has no arm for 'u8'
  --> test/fail/type_match.phi:9:12
   |
 9 |     return match T {
   |            ^^^^^ no arm names it
   |
   = help: add an arm naming it, or 'else =>' for the rest
note: while checking 'no_arm[u8]', needed here
  --> test/fail/type_match.phi:83:9
   |
83 |     _ = no_arm[u8](0)
   |         ^^^^^^^^^^^^

error[E0232]: this match has no arm for 'u32'
  --> test/fail/type_match.phi:17:12
   |
17 |     return match T { }
   |            ^^^^^ no arm names it
   |
   = help: add an arm naming it, or 'else =>' for the rest
note: while checking 'no_arm_at_all[u32]', needed here
  --> test/fail/type_match.phi:84:9
   |
84 |     _ = no_arm_at_all(n)
   |         ^^^^^^^^^^^^^^^

error[E0233]: 'u32' is already handled by an earlier arm
  --> test/fail/type_match.phi:24:9
   |
24 |         u32 => 2
   |         ^^^ handled again here
note: handled here
  --> test/fail/type_match.phi:23:9
   |
23 |         u32 => 1
   |         ^^^
note: while checking 'repeated[u32]', needed here
  --> test/fail/type_match.phi:85:9
   |
85 |     _ = repeated(n)
   |         ^^^^^^^^^^

error[E0233]: 'u8' is already handled by an earlier arm
  --> test/fail/type_match.phi:33:9
   |
33 |         Byte => 2
   |         ^^^^ handled again here
note: handled here
  --> test/fail/type_match.phi:32:9
   |
32 |         u8 => 1
   |         ^^
note: while checking 'aliased_repeat[u32]', needed here
  --> test/fail/type_match.phi:86:9
   |
86 |     _ = aliased_repeat(n)
   |         ^^^^^^^^^^^^^^^^

error[E0233]: 'else' already takes every type the arms do not name
  --> test/fail/type_match.phi:42:9
   |
42 |         u32 => 1
   |         ^^^ never runs
note: while checking 'after_else[u32]', needed here
  --> test/fail/type_match.phi:87:9
   |
87 |     _ = after_else(n)
   |         ^^^^^^^^^^^^

error[E0233]: 'else' already takes every type the arms do not name
  --> test/fail/type_match.phi:50:9
   |
50 |         else => 1
   |         ^^^^^^^^^ never runs
note: while checking 'two_elses[u32]', needed here
  --> test/fail/type_match.phi:88:9
   |
88 |     _ = two_elses(n)
   |         ^^^^^^^^^^^

error[E0201]: nothing named 'Nonexistent' is in scope here
  --> test/fail/type_match.phi:57:9
   |
57 |         Nonexistent => 1
   |         ^^^^^^^^^^^ unknown name
note: while checking 'unknown_label[u32]', needed here
  --> test/fail/type_match.phi:89:9
   |
89 |     _ = unknown_label(n)
   |         ^^^^^^^^^^^^^^^

error[E0235]: this value goes nowhere
  --> test/fail/type_match.phi:65:16
   |
65 |         u32 => 1
   |                ^ unused value
   |
   = help: bind it, return it, or drop it with '_ ='
note: while checking 'unused_arm[u32]', needed here
  --> test/fail/type_match.phi:90:5
   |
90 |     unused_arm(n)
   |     ^^^^^^^^^^^^

error[E0224]: 'Box' is generic, so it needs its arguments
  --> test/fail/type_match.phi:72:12
   |
72 |     return Box is T
   |            ^^^ no arguments here
   |
   = help: write 'Box[...]' with one type per parameter
note: while checking 'generic_operand[u32]', needed here
  --> test/fail/type_match.phi:91:9
   |
91 |     _ = generic_operand(n)
   |         ^^^^^^^^^^^^^^^^^

error[E0224]: 'Box' is generic, so it needs its arguments
  --> test/fail/type_match.phi:77:18
   |
77 |     return match Box {
   |                  ^^^ no arguments here
   |
   = help: write 'Box[...]' with one type per parameter
note: while checking 'generic_scrutinee[u32]', needed here
  --> test/fail/type_match.phi:92:12
   |
92 |     return generic_scrutinee(n)
   |            ^^^^^^^^^^^^^^^^^^^

