error[E0206]: expected []var u8 | none, found []u8
  --> test/fail/union_permission.phi:13:12
   |
13 |     writes(storage[0..])
   |            ^^^^^^^^^^^ the wrong type
   |
   = help: nothing converts on its own

error[E0206]: expected *var u32 | none, found *u32
  --> test/fail/union_permission.phi:14:13
   |
14 |     through(&counter)
   |             ^^^^^^^^ the wrong type
   |
   = help: nothing converts on its own

