error[E0238]: this cannot be reached
 --> test/fail/unreachable_code.phi:7:5
  |
7 |     let ignored = a + 1
  |     ^^^^^^^^^^^^^^^^^^^ never runs
note: the block already left here
 --> test/fail/unreachable_code.phi:6:5
  |
6 |     return 1
  |     ^^^^^^^^

error[E0238]: this cannot be reached
  --> test/fail/unreachable_code.phi:17:5
   |
17 |     let ignored = 3
   |     ^^^^^^^^^^^^^^^ never runs
note: the block already left here
  --> test/fail/unreachable_code.phi:12:5
   |
12 |     if c {
   |     ^^^^^^

