error[E0206]: expected f32, found f64
 --> test/fail/widening.phi:2:12
  |
2 |     return x
  |            ^ the wrong type
  |
  = help: nothing converts on its own

error[E0206]: expected f64, found u32
 --> test/fail/widening.phi:6:12
  |
6 |     return n
  |            ^ the wrong type
  |
  = help: nothing converts on its own

error[E0206]: expected u32, found f64
  --> test/fail/widening.phi:10:12
   |
10 |     return x
   |            ^ the wrong type
   |
   = help: nothing converts on its own

error[E0206]: expected i64, found u64
  --> test/fail/widening.phi:14:12
   |
14 |     return n
   |            ^ the wrong type
   |
   = help: not every value fits, so '@int_cast(...)' gives 'none' where one does not

