error[E0224]: '@ptr_cast' takes 1 type argument, and this writes 2
 --> test/std/builtin_arity.phi:6:12
  |
6 |     return @ptr_cast[Cell, Cell](cell)
  |            ^^^^^^^^^^^^^^^^^^^^^^^^^^ wrong number of type arguments

error[E0224]: '@ptr_cast' takes 1 type argument, and this writes 0
  --> test/std/builtin_arity.phi:10:12
   |
10 |     return @ptr_cast(cell)
   |            ^^^^^^^^^^^^^^ wrong number of type arguments

error[E0223]: '@ptr_cast' takes 1 argument, and this call has 2
  --> test/std/builtin_arity.phi:14:12
   |
14 |     return @ptr_cast[Cell](cell, cell)
   |            ^^^^^^^^^^^^^^^^^^^^^^^^^^ wrong number of arguments

