fn bool_is_the_tag_alone() u64
b0:
  return 1:u64

fn the_zero_niche_is_one_word() u64
b0:
  return 8:u64

fn a_node_is_two_words() u64
b0:
  return 16:u64

fn an_integer_leaves_no_room() u64
b0:
  return 8:u64

fn a_wide_payload_pads_its_tag() u64
b0:
  return 16:u64

fn an_empty_struct_is_nothing() u64
b0:
  return 0:u64

fn a_field_pads_up_to_its_alignment() u64
b0:
  return 12:u64

fn an_array_is_its_elements() u64
b0:
  return 16:u64

fn arrays_nest_by_multiplying() u64
b0:
  return 6:u64

fn an_array_aligns_like_its_element() u64
b0:
  return 4:u64

fn no_elements_is_no_bytes() u64
b0:
  return 0:u64

fn an_array_field_sits_inline() u64
b0:
  return 8:u64

fn an_array_member_leaves_no_niche() u64
b0:
  return 12:u64

fn alignments() u64
b0:
  return 9:u64
