error[E0234]: 'here' takes its value from itself
 --> test/fail/value_cycle/main.phi:4:18
  |
4 | pub let anchor = here
  |                  ^^^^ the circle closes here
note: which needs 'there' here
 --> test/fail/value_cycle/main.phi:3:12
  |
3 | let here = helper.there + 1
  |            ^^^^^^^^^^^^
note: which needs 'anchor' here
 --> test/fail/value_cycle/helper.phi:3:17
  |
3 | pub let there = main.anchor
  |                 ^^^^^^^^^^^

