error[E0220]: 'hidden' is private to its file
 --> test/fail/privacy/main.phi:4:19
  |
4 |     return helper.hidden()
  |                   ^^^^^^ not public
  |
  = help: mark the declaration 'pub' to reach it from another file
note: declared here
 --> test/fail/privacy/helper.phi:1:1
  |
1 | fn hidden() i64 {
  | ^^^^^^^^^^^^^^^^^

